// Jest Snapshot v1, https://goo.gl/fbAQLP

exports[`<RequestReset /> renders and matches snapshot 1`] = `
<div>
  <form
    class="Form-sc-1xszr8q-0 giGQGe"
    method="POST"
  >
    <h2>
      Forgot Your Password?
    </h2>
    <fieldset
      aria-busy="false"
    >
      <label
        for="email"
      >
        Email
        <input
          autocomplete="email"
          name="email"
          placeholder="Your Email Address"
          type="email"
          value=""
        />
      </label>
      <button
        type="submit"
      >
        Request Reset
      </button>
    </fieldset>
  </form>
</div>
`;
